  Determining projects to restore...
  All projects are up-to-date for restore.
C:\Projects\ChurchDisplayApp\Services\MonitorService.cs(57,36): error CS9202: Feature 'simple lambda parameter modifiers' is not available in C# 12.0. Please use language version 14.0 or greater. [C:\Projects\ChurchDisplayApp\ChurchDisplayApp_jorsjn0k_wpftmp.csproj]

Build FAILED.

C:\Projects\ChurchDisplayApp\Services\MonitorService.cs(57,36): error CS9202: Feature 'simple lambda parameter modifiers' is not available in C# 12.0. Please use language version 14.0 or greater. [C:\Projects\ChurchDisplayApp\ChurchDisplayApp_jorsjn0k_wpftmp.csproj]
    0 Warning(s)
    1 Error(s)

Time Elapsed 00:00:01.38
